WARNING: No version specified in source UFO font.
WARNING: Unable to open lib.plist in source UFO font.
WARNING: public.glyphOrder key is empty and does not contain glyph name for all 4 glyphs. Consider defining this in lib.plist.
  FATAL: bad dictionary specification
